This is pdfTeX, Version 3.14159265-2.6-1.40.18 (TeX Live 2017/W32TeX) (preloaded format=pdflatex 2017.10.27)  15 MAY 2020 14:26
entering extended mode
 restricted \write18 enabled.
 %&-line parsing enabled.
**./main.tex
(./main.tex
LaTeX2e <2017-04-15>
Babel <3.14> and hyphenation patterns for 84 language(s) loaded.
(c:/texlive/2017/texmf-dist/tex/latex/base/report.cls
Document Class: report 2014/09/29 v1.4h Standard LaTeX document class
(c:/texlive/2017/texmf-dist/tex/latex/base/size12.clo
File: size12.clo 2014/09/29 v1.4h Standard LaTeX file (size option)
)
\c@part=\count79
\c@chapter=\count80
\c@section=\count81
\c@subsection=\count82
\c@subsubsection=\count83
\c@paragraph=\count84
\c@subparagraph=\count85
\c@figure=\count86
\c@table=\count87
\abovecaptionskip=\skip41
\belowcaptionskip=\skip42
\bibindent=\dimen102
)
(c:/texlive/2017/texmf-dist/tex/latex/base/inputenc.sty
Package: inputenc 2015/03/17 v1.2c Input encoding file
\inpenc@prehook=\toks14
\inpenc@posthook=\toks15

(c:/texlive/2017/texmf-dist/tex/latex/base/utf8.def
File: utf8.def 2017/01/28 v1.1t UTF-8 support for inputenc
Now handling font encoding OML ...
... no UTF-8 mapping file for font encoding OML
Now handling font encoding T1 ...
... processing UTF-8 mapping file for font encoding T1

(c:/texlive/2017/texmf-dist/tex/latex/base/t1enc.dfu
File: t1enc.dfu 2017/01/28 v1.1t UTF-8 support for inputenc
   defining Unicode char U+00A0 (decimal 160)
   defining Unicode char U+00A1 (decimal 161)
   defining Unicode char U+00A3 (decimal 163)
   defining Unicode char U+00AB (decimal 171)
   defining Unicode char U+00AD (decimal 173)
   defining Unicode char U+00BB (decimal 187)
   defining Unicode char U+00BF (decimal 191)
   defining Unicode char U+00C0 (decimal 192)
   defining Unicode char U+00C1 (decimal 193)
   defining Unicode char U+00C2 (decimal 194)
   defining Unicode char U+00C3 (decimal 195)
   defining Unicode char U+00C4 (decimal 196)
   defining Unicode char U+00C5 (decimal 197)
   defining Unicode char U+00C6 (decimal 198)
   defining Unicode char U+00C7 (decimal 199)
   defining Unicode char U+00C8 (decimal 200)
   defining Unicode char U+00C9 (decimal 201)
   defining Unicode char U+00CA (decimal 202)
   defining Unicode char U+00CB (decimal 203)
   defining Unicode char U+00CC (decimal 204)
   defining Unicode char U+00CD (decimal 205)
   defining Unicode char U+00CE (decimal 206)
   defining Unicode char U+00CF (decimal 207)
   defining Unicode char U+00D0 (decimal 208)
   defining Unicode char U+00D1 (decimal 209)
   defining Unicode char U+00D2 (decimal 210)
   defining Unicode char U+00D3 (decimal 211)
   defining Unicode char U+00D4 (decimal 212)
   defining Unicode char U+00D5 (decimal 213)
   defining Unicode char U+00D6 (decimal 214)
   defining Unicode char U+00D8 (decimal 216)
   defining Unicode char U+00D9 (decimal 217)
   defining Unicode char U+00DA (decimal 218)
   defining Unicode char U+00DB (decimal 219)
   defining Unicode char U+00DC (decimal 220)
   defining Unicode char U+00DD (decimal 221)
   defining Unicode char U+00DE (decimal 222)
   defining Unicode char U+00DF (decimal 223)
   defining Unicode char U+00E0 (decimal 224)
   defining Unicode char U+00E1 (decimal 225)
   defining Unicode char U+00E2 (decimal 226)
   defining Unicode char U+00E3 (decimal 227)
   defining Unicode char U+00E4 (decimal 228)
   defining Unicode char U+00E5 (decimal 229)
   defining Unicode char U+00E6 (decimal 230)
   defining Unicode char U+00E7 (decimal 231)
   defining Unicode char U+00E8 (decimal 232)
   defining Unicode char U+00E9 (decimal 233)
   defining Unicode char U+00EA (decimal 234)
   defining Unicode char U+00EB (decimal 235)
   defining Unicode char U+00EC (decimal 236)
   defining Unicode char U+00ED (decimal 237)
   defining Unicode char U+00EE (decimal 238)
   defining Unicode char U+00EF (decimal 239)
   defining Unicode char U+00F0 (decimal 240)
   defining Unicode char U+00F1 (decimal 241)
   defining Unicode char U+00F2 (decimal 242)
   defining Unicode char U+00F3 (decimal 243)
   defining Unicode char U+00F4 (decimal 244)
   defining Unicode char U+00F5 (decimal 245)
   defining Unicode char U+00F6 (decimal 246)
   defining Unicode char U+00F8 (decimal 248)
   defining Unicode char U+00F9 (decimal 249)
   defining Unicode char U+00FA (decimal 250)
   defining Unicode char U+00FB (decimal 251)
   defining Unicode char U+00FC (decimal 252)
   defining Unicode char U+00FD (decimal 253)
   defining Unicode char U+00FE (decimal 254)
   defining Unicode char U+00FF (decimal 255)
   defining Unicode char U+0100 (decimal 256)
   defining Unicode char U+0101 (decimal 257)
   defining Unicode char U+0102 (decimal 258)
   defining Unicode char U+0103 (decimal 259)
   defining Unicode char U+0104 (decimal 260)
   defining Unicode char U+0105 (decimal 261)
   defining Unicode char U+0106 (decimal 262)
   defining Unicode char U+0107 (decimal 263)
   defining Unicode char U+0108 (decimal 264)
   defining Unicode char U+0109 (decimal 265)
   defining Unicode char U+010A (decimal 266)
   defining Unicode char U+010B (decimal 267)
   defining Unicode char U+010C (decimal 268)
   defining Unicode char U+010D (decimal 269)
   defining Unicode char U+010E (decimal 270)
   defining Unicode char U+010F (decimal 271)
   defining Unicode char U+0110 (decimal 272)
   defining Unicode char U+0111 (decimal 273)
   defining Unicode char U+0112 (decimal 274)
   defining Unicode char U+0113 (decimal 275)
   defining Unicode char U+0114 (decimal 276)
   defining Unicode char U+0115 (decimal 277)
   defining Unicode char U+0116 (decimal 278)
   defining Unicode char U+0117 (decimal 279)
   defining Unicode char U+0118 (decimal 280)
   defining Unicode char U+0119 (decimal 281)
   defining Unicode char U+011A (decimal 282)
   defining Unicode char U+011B (decimal 283)
   defining Unicode char U+011C (decimal 284)
   defining Unicode char U+011D (decimal 285)
   defining Unicode char U+011E (decimal 286)
   defining Unicode char U+011F (decimal 287)
   defining Unicode char U+0120 (decimal 288)
   defining Unicode char U+0121 (decimal 289)
   defining Unicode char U+0122 (decimal 290)
   defining Unicode char U+0123 (decimal 291)
   defining Unicode char U+0124 (decimal 292)
   defining Unicode char U+0125 (decimal 293)
   defining Unicode char U+0128 (decimal 296)
   defining Unicode char U+0129 (decimal 297)
   defining Unicode char U+012A (decimal 298)
   defining Unicode char U+012B (decimal 299)
   defining Unicode char U+012C (decimal 300)
   defining Unicode char U+012D (decimal 301)
   defining Unicode char U+012E (decimal 302)
   defining Unicode char U+012F (decimal 303)
   defining Unicode char U+0130 (decimal 304)
   defining Unicode char U+0131 (decimal 305)
   defining Unicode char U+0132 (decimal 306)
   defining Unicode char U+0133 (decimal 307)
   defining Unicode char U+0134 (decimal 308)
   defining Unicode char U+0135 (decimal 309)
   defining Unicode char U+0136 (decimal 310)
   defining Unicode char U+0137 (decimal 311)
   defining Unicode char U+0139 (decimal 313)
   defining Unicode char U+013A (decimal 314)
   defining Unicode char U+013B (decimal 315)
   defining Unicode char U+013C (decimal 316)
   defining Unicode char U+013D (decimal 317)
   defining Unicode char U+013E (decimal 318)
   defining Unicode char U+0141 (decimal 321)
   defining Unicode char U+0142 (decimal 322)
   defining Unicode char U+0143 (decimal 323)
   defining Unicode char U+0144 (decimal 324)
   defining Unicode char U+0145 (decimal 325)
   defining Unicode char U+0146 (decimal 326)
   defining Unicode char U+0147 (decimal 327)
   defining Unicode char U+0148 (decimal 328)
   defining Unicode char U+014A (decimal 330)
   defining Unicode char U+014B (decimal 331)
   defining Unicode char U+014C (decimal 332)
   defining Unicode char U+014D (decimal 333)
   defining Unicode char U+014E (decimal 334)
   defining Unicode char U+014F (decimal 335)
   defining Unicode char U+0150 (decimal 336)
   defining Unicode char U+0151 (decimal 337)
   defining Unicode char U+0152 (decimal 338)
   defining Unicode char U+0153 (decimal 339)
   defining Unicode char U+0154 (decimal 340)
   defining Unicode char U+0155 (decimal 341)
   defining Unicode char U+0156 (decimal 342)
   defining Unicode char U+0157 (decimal 343)
   defining Unicode char U+0158 (decimal 344)
   defining Unicode char U+0159 (decimal 345)
   defining Unicode char U+015A (decimal 346)
   defining Unicode char U+015B (decimal 347)
   defining Unicode char U+015C (decimal 348)
   defining Unicode char U+015D (decimal 349)
   defining Unicode char U+015E (decimal 350)
   defining Unicode char U+015F (decimal 351)
   defining Unicode char U+0160 (decimal 352)
   defining Unicode char U+0161 (decimal 353)
   defining Unicode char U+0162 (decimal 354)
   defining Unicode char U+0163 (decimal 355)
   defining Unicode char U+0164 (decimal 356)
   defining Unicode char U+0165 (decimal 357)
   defining Unicode char U+0168 (decimal 360)
   defining Unicode char U+0169 (decimal 361)
   defining Unicode char U+016A (decimal 362)
   defining Unicode char U+016B (decimal 363)
   defining Unicode char U+016C (decimal 364)
   defining Unicode char U+016D (decimal 365)
   defining Unicode char U+016E (decimal 366)
   defining Unicode char U+016F (decimal 367)
   defining Unicode char U+0170 (decimal 368)
   defining Unicode char U+0171 (decimal 369)
   defining Unicode char U+0172 (decimal 370)
   defining Unicode char U+0173 (decimal 371)
   defining Unicode char U+0174 (decimal 372)
   defining Unicode char U+0175 (decimal 373)
   defining Unicode char U+0176 (decimal 374)
   defining Unicode char U+0177 (decimal 375)
   defining Unicode char U+0178 (decimal 376)
   defining Unicode char U+0179 (decimal 377)
   defining Unicode char U+017A (decimal 378)
   defining Unicode char U+017B (decimal 379)
   defining Unicode char U+017C (decimal 380)
   defining Unicode char U+017D (decimal 381)
   defining Unicode char U+017E (decimal 382)
   defining Unicode char U+01CD (decimal 461)
   defining Unicode char U+01CE (decimal 462)
   defining Unicode char U+01CF (decimal 463)
   defining Unicode char U+01D0 (decimal 464)
   defining Unicode char U+01D1 (decimal 465)
   defining Unicode char U+01D2 (decimal 466)
   defining Unicode char U+01D3 (decimal 467)
   defining Unicode char U+01D4 (decimal 468)
   defining Unicode char U+01E2 (decimal 482)
   defining Unicode char U+01E3 (decimal 483)
   defining Unicode char U+01E6 (decimal 486)
   defining Unicode char U+01E7 (decimal 487)
   defining Unicode char U+01E8 (decimal 488)
   defining Unicode char U+01E9 (decimal 489)
   defining Unicode char U+01EA (decimal 490)
   defining Unicode char U+01EB (decimal 491)
   defining Unicode char U+01F0 (decimal 496)
   defining Unicode char U+01F4 (decimal 500)
   defining Unicode char U+01F5 (decimal 501)
   defining Unicode char U+0218 (decimal 536)
   defining Unicode char U+0219 (decimal 537)
   defining Unicode char U+021A (decimal 538)
   defining Unicode char U+021B (decimal 539)
   defining Unicode char U+0232 (decimal 562)
   defining Unicode char U+0233 (decimal 563)
   defining Unicode char U+1E02 (decimal 7682)
   defining Unicode char U+1E03 (decimal 7683)
   defining Unicode char U+200C (decimal 8204)
   defining Unicode char U+2010 (decimal 8208)
   defining Unicode char U+2011 (decimal 8209)
   defining Unicode char U+2012 (decimal 8210)
   defining Unicode char U+2013 (decimal 8211)
   defining Unicode char U+2014 (decimal 8212)
   defining Unicode char U+2015 (decimal 8213)
   defining Unicode char U+2018 (decimal 8216)
   defining Unicode char U+2019 (decimal 8217)
   defining Unicode char U+201A (decimal 8218)
   defining Unicode char U+201C (decimal 8220)
   defining Unicode char U+201D (decimal 8221)
   defining Unicode char U+201E (decimal 8222)
   defining Unicode char U+2030 (decimal 8240)
   defining Unicode char U+2031 (decimal 8241)
   defining Unicode char U+2039 (decimal 8249)
   defining Unicode char U+203A (decimal 8250)
   defining Unicode char U+2423 (decimal 9251)
   defining Unicode char U+1E20 (decimal 7712)
   defining Unicode char U+1E21 (decimal 7713)
)
Now handling font encoding OT1 ...
... processing UTF-8 mapping file for font encoding OT1

(c:/texlive/2017/texmf-dist/tex/latex/base/ot1enc.dfu
File: ot1enc.dfu 2017/01/28 v1.1t UTF-8 support for inputenc
   defining Unicode char U+00A0 (decimal 160)
   defining Unicode char U+00A1 (decimal 161)
   defining Unicode char U+00A3 (decimal 163)
   defining Unicode char U+00AD (decimal 173)
   defining Unicode char U+00B8 (decimal 184)
   defining Unicode char U+00BF (decimal 191)
   defining Unicode char U+00C5 (decimal 197)
   defining Unicode char U+00C6 (decimal 198)
   defining Unicode char U+00D8 (decimal 216)
   defining Unicode char U+00DF (decimal 223)
   defining Unicode char U+00E6 (decimal 230)
   defining Unicode char U+00EC (decimal 236)
   defining Unicode char U+00ED (decimal 237)
   defining Unicode char U+00EE (decimal 238)
   defining Unicode char U+00EF (decimal 239)
   defining Unicode char U+00F8 (decimal 248)
   defining Unicode char U+0131 (decimal 305)
   defining Unicode char U+0141 (decimal 321)
   defining Unicode char U+0142 (decimal 322)
   defining Unicode char U+0152 (decimal 338)
   defining Unicode char U+0153 (decimal 339)
   defining Unicode char U+0174 (decimal 372)
   defining Unicode char U+0175 (decimal 373)
   defining Unicode char U+0176 (decimal 374)
   defining Unicode char U+0177 (decimal 375)
   defining Unicode char U+0218 (decimal 536)
   defining Unicode char U+0219 (decimal 537)
   defining Unicode char U+021A (decimal 538)
   defining Unicode char U+021B (decimal 539)
   defining Unicode char U+2013 (decimal 8211)
   defining Unicode char U+2014 (decimal 8212)
   defining Unicode char U+2018 (decimal 8216)
   defining Unicode char U+2019 (decimal 8217)
   defining Unicode char U+201C (decimal 8220)
   defining Unicode char U+201D (decimal 8221)
)
Now handling font encoding OMS ...
... processing UTF-8 mapping file for font encoding OMS

(c:/texlive/2017/texmf-dist/tex/latex/base/omsenc.dfu
File: omsenc.dfu 2017/01/28 v1.1t UTF-8 support for inputenc
   defining Unicode char U+00A7 (decimal 167)
   defining Unicode char U+00B6 (decimal 182)
   defining Unicode char U+00B7 (decimal 183)
   defining Unicode char U+2020 (decimal 8224)
   defining Unicode char U+2021 (decimal 8225)
   defining Unicode char U+2022 (decimal 8226)
)
Now handling font encoding OMX ...
... no UTF-8 mapping file for font encoding OMX
Now handling font encoding U ...
... no UTF-8 mapping file for font encoding U
   defining Unicode char U+00A9 (decimal 169)
   defining Unicode char U+00AA (decimal 170)
   defining Unicode char U+00AE (decimal 174)
   defining Unicode char U+00BA (decimal 186)
   defining Unicode char U+02C6 (decimal 710)
   defining Unicode char U+02DC (decimal 732)
   defining Unicode char U+200C (decimal 8204)
   defining Unicode char U+2026 (decimal 8230)
   defining Unicode char U+2122 (decimal 8482)
   defining Unicode char U+2423 (decimal 9251)
))
(c:/texlive/2017/texmf-dist/tex/latex/graphics/graphicx.sty
Package: graphicx 2017/06/01 v1.1a Enhanced LaTeX Graphics (DPC,SPQR)

(c:/texlive/2017/texmf-dist/tex/latex/graphics/keyval.sty
Package: keyval 2014/10/28 v1.15 key=value parser (DPC)
\KV@toks@=\toks16
)
(c:/texlive/2017/texmf-dist/tex/latex/graphics/graphics.sty
Package: graphics 2017/06/25 v1.2c Standard LaTeX Graphics (DPC,SPQR)

(c:/texlive/2017/texmf-dist/tex/latex/graphics/trig.sty
Package: trig 2016/01/03 v1.10 sin cos tan (DPC)
)
(c:/texlive/2017/texmf-dist/tex/latex/graphics-cfg/graphics.cfg
File: graphics.cfg 2016/06/04 v1.11 sample graphics configuration
)
Package graphics Info: Driver file: pdftex.def on input line 99.

(c:/texlive/2017/texmf-dist/tex/latex/graphics-def/pdftex.def
File: pdftex.def 2017/06/24 v1.0g Graphics/color driver for pdftex
))
\Gin@req@height=\dimen103
\Gin@req@width=\dimen104
)
(c:/texlive/2017/texmf-dist/tex/latex/amsmath/amsmath.sty
Package: amsmath 2017/09/02 v2.17a AMS math features
\@mathmargin=\skip43

For additional information on amsmath, use the `?' option.
(c:/texlive/2017/texmf-dist/tex/latex/amsmath/amstext.sty
Package: amstext 2000/06/29 v2.01 AMS text

(c:/texlive/2017/texmf-dist/tex/latex/amsmath/amsgen.sty
File: amsgen.sty 1999/11/30 v2.0 generic functions
\@emptytoks=\toks17
\ex@=\dimen105
))
(c:/texlive/2017/texmf-dist/tex/latex/amsmath/amsbsy.sty
Package: amsbsy 1999/11/29 v1.2d Bold Symbols
\pmbraise@=\dimen106
)
(c:/texlive/2017/texmf-dist/tex/latex/amsmath/amsopn.sty
Package: amsopn 2016/03/08 v2.02 operator names
)
\inf@bad=\count88
LaTeX Info: Redefining \frac on input line 213.
\uproot@=\count89
\leftroot@=\count90
LaTeX Info: Redefining \overline on input line 375.
\classnum@=\count91
\DOTSCASE@=\count92
LaTeX Info: Redefining \ldots on input line 472.
LaTeX Info: Redefining \dots on input line 475.
LaTeX Info: Redefining \cdots on input line 596.
\Mathstrutbox@=\box26
\strutbox@=\box27
\big@size=\dimen107
LaTeX Font Info:    Redeclaring font encoding OML on input line 712.
LaTeX Font Info:    Redeclaring font encoding OMS on input line 713.
\macc@depth=\count93
\c@MaxMatrixCols=\count94
\dotsspace@=\muskip10
\c@parentequation=\count95
\dspbrk@lvl=\count96
\tag@help=\toks18
\row@=\count97
\column@=\count98
\maxfields@=\count99
\andhelp@=\toks19
\eqnshift@=\dimen108
\alignsep@=\dimen109
\tagshift@=\dimen110
\tagwidth@=\dimen111
\totwidth@=\dimen112
\lineht@=\dimen113
\@envbody=\toks20
\multlinegap=\skip44
\multlinetaggap=\skip45
\mathdisplay@stack=\toks21
LaTeX Info: Redefining \[ on input line 2817.
LaTeX Info: Redefining \] on input line 2818.
)
(c:/texlive/2017/texmf-dist/tex/latex/siunits/SIunits.sty
Package: SIunits 2007/12/02 v1.36 Support for the International System of units
 (MH)


\@qskwidth=\skip46
Now handling font encoding TS1 ...
... processing UTF-8 mapping file for font encoding TS1
(c:/texlive/2017/texmf-dist/tex/latex/base/ts1enc.dfu
File: ts1enc.dfu 2017/01/28 v1.1t UTF-8 support for inputenc
   defining Unicode char U+00A2 (decimal 162)
   defining Unicode char U+00A3 (decimal 163)
   defining Unicode char U+00A4 (decimal 164)
   defining Unicode char U+00A5 (decimal 165)
   defining Unicode char U+00A6 (decimal 166)
   defining Unicode char U+00A7 (decimal 167)
   defining Unicode char U+00A8 (decimal 168)
   defining Unicode char U+00A9 (decimal 169)
   defining Unicode char U+00AA (decimal 170)
   defining Unicode char U+00AC (decimal 172)
   defining Unicode char U+00AE (decimal 174)
   defining Unicode char U+00AF (decimal 175)
   defining Unicode char U+00B0 (decimal 176)
   defining Unicode char U+00B1 (decimal 177)
   defining Unicode char U+00B2 (decimal 178)
   defining Unicode char U+00B3 (decimal 179)
   defining Unicode char U+00B4 (decimal 180)
   defining Unicode char U+00B5 (decimal 181)
   defining Unicode char U+00B6 (decimal 182)
   defining Unicode char U+00B7 (decimal 183)
   defining Unicode char U+00B9 (decimal 185)
   defining Unicode char U+00BA (decimal 186)
   defining Unicode char U+00BC (decimal 188)
   defining Unicode char U+00BD (decimal 189)
   defining Unicode char U+00BE (decimal 190)
   defining Unicode char U+00D7 (decimal 215)
   defining Unicode char U+00F7 (decimal 247)
   defining Unicode char U+0192 (decimal 402)
   defining Unicode char U+02C7 (decimal 711)
   defining Unicode char U+02D8 (decimal 728)
   defining Unicode char U+02DD (decimal 733)
   defining Unicode char U+0E3F (decimal 3647)
   defining Unicode char U+2016 (decimal 8214)
   defining Unicode char U+2020 (decimal 8224)
   defining Unicode char U+2021 (decimal 8225)
   defining Unicode char U+2022 (decimal 8226)
   defining Unicode char U+2030 (decimal 8240)
   defining Unicode char U+2031 (decimal 8241)
   defining Unicode char U+203B (decimal 8251)
   defining Unicode char U+203D (decimal 8253)
   defining Unicode char U+2044 (decimal 8260)
   defining Unicode char U+204E (decimal 8270)
   defining Unicode char U+2052 (decimal 8274)
   defining Unicode char U+20A1 (decimal 8353)
   defining Unicode char U+20A4 (decimal 8356)
   defining Unicode char U+20A6 (decimal 8358)
   defining Unicode char U+20A9 (decimal 8361)
   defining Unicode char U+20AB (decimal 8363)
   defining Unicode char U+20AC (decimal 8364)
   defining Unicode char U+20B1 (decimal 8369)
   defining Unicode char U+2103 (decimal 8451)
   defining Unicode char U+2116 (decimal 8470)
   defining Unicode char U+2117 (decimal 8471)
   defining Unicode char U+211E (decimal 8478)
   defining Unicode char U+2120 (decimal 8480)
   defining Unicode char U+2122 (decimal 8482)
   defining Unicode char U+2126 (decimal 8486)
   defining Unicode char U+2127 (decimal 8487)
   defining Unicode char U+212E (decimal 8494)
   defining Unicode char U+2190 (decimal 8592)
   defining Unicode char U+2191 (decimal 8593)
   defining Unicode char U+2192 (decimal 8594)
   defining Unicode char U+2193 (decimal 8595)
   defining Unicode char U+2329 (decimal 9001)
   defining Unicode char U+232A (decimal 9002)
   defining Unicode char U+2422 (decimal 9250)
   defining Unicode char U+25E6 (decimal 9702)
   defining Unicode char U+25EF (decimal 9711)
   defining Unicode char U+266A (decimal 9834)
)
\symgreek=\mathgroup4

(c:/texlive/2017/texmf-dist/tex/latex/siunits/SIunits.cfg))
(c:/texlive/2017/texmf-dist/tex/latex/caption/caption.sty
Package: caption 2016/02/21 v3.3-144 Customizing captions (AR)

(c:/texlive/2017/texmf-dist/tex/latex/caption/caption3.sty
Package: caption3 2016/05/22 v1.7-166 caption3 kernel (AR)
Package caption3 Info: TeX engine: e-TeX on input line 67.
\captionmargin=\dimen114
\captionmargin@=\dimen115
\captionwidth=\dimen116
\caption@tempdima=\dimen117
\caption@indent=\dimen118
\caption@parindent=\dimen119
\caption@hangindent=\dimen120
)
\c@ContinuedFloat=\count100
)
(c:/texlive/2017/texmf-dist/tex/latex/caption/subcaption.sty
Package: subcaption 2016/05/22 v1.1-161 Sub-captions (AR)
\c@subfigure=\count101
\c@subtable=\count102
)
(c:/texlive/2017/texmf-dist/tex/latex/geometry/geometry.sty
Package: geometry 2010/09/12 v5.6 Page Geometry

(c:/texlive/2017/texmf-dist/tex/generic/oberdiek/ifpdf.sty
Package: ifpdf 2017/03/15 v3.2 Provides the ifpdf switch
)
(c:/texlive/2017/texmf-dist/tex/generic/oberdiek/ifvtex.sty
Package: ifvtex 2016/05/16 v1.6 Detect VTeX and its facilities (HO)
Package ifvtex Info: VTeX not detected.
)
(c:/texlive/2017/texmf-dist/tex/generic/ifxetex/ifxetex.sty
Package: ifxetex 2010/09/12 v0.6 Provides ifxetex conditional
)
\Gm@cnth=\count103
\Gm@cntv=\count104
\c@Gm@tempcnt=\count105
\Gm@bindingoffset=\dimen121
\Gm@wd@mp=\dimen122
\Gm@odd@mp=\dimen123
\Gm@even@mp=\dimen124
\Gm@layoutwidth=\dimen125
\Gm@layoutheight=\dimen126
\Gm@layouthoffset=\dimen127
\Gm@layoutvoffset=\dimen128
\Gm@dimlist=\toks22
)
(c:/texlive/2017/texmf-dist/tex/latex/url/url.sty
\Urlmuskip=\muskip11
Package: url 2013/09/16  ver 3.4  Verb mode for urls, etc.
) (./main.aux)
\openout1 = `main.aux'.

LaTeX Font Info:    Checking defaults for OML/cmm/m/it on input line 22.
LaTeX Font Info:    ... okay on input line 22.
LaTeX Font Info:    Checking defaults for T1/cmr/m/n on input line 22.
LaTeX Font Info:    ... okay on input line 22.
LaTeX Font Info:    Checking defaults for OT1/cmr/m/n on input line 22.
LaTeX Font Info:    ... okay on input line 22.
LaTeX Font Info:    Checking defaults for OMS/cmsy/m/n on input line 22.
LaTeX Font Info:    ... okay on input line 22.
LaTeX Font Info:    Checking defaults for OMX/cmex/m/n on input line 22.
LaTeX Font Info:    ... okay on input line 22.
LaTeX Font Info:    Checking defaults for U/cmr/m/n on input line 22.
LaTeX Font Info:    ... okay on input line 22.
LaTeX Font Info:    Checking defaults for TS1/cmr/m/n on input line 22.
LaTeX Font Info:    Try loading font information for TS1+cmr on input line 22.

(c:/texlive/2017/texmf-dist/tex/latex/base/ts1cmr.fd
File: ts1cmr.fd 2014/09/29 v2.5h Standard LaTeX font definitions
)
LaTeX Font Info:    ... okay on input line 22.

(c:/texlive/2017/texmf-dist/tex/context/base/mkii/supp-pdf.mkii
[Loading MPS to PDF converter (version 2006.09.02).]
\scratchcounter=\count106
\scratchdimen=\dimen129
\scratchbox=\box28
\nofMPsegments=\count107
\nofMParguments=\count108
\everyMPshowfont=\toks23
\MPscratchCnt=\count109
\MPscratchDim=\dimen130
\MPnumerator=\count110
\makeMPintoPDFobject=\count111
\everyMPtoPDFconversion=\toks24
) (c:/texlive/2017/texmf-dist/tex/latex/oberdiek/epstopdf-base.sty
Package: epstopdf-base 2016/05/15 v2.6 Base part for package epstopdf

(c:/texlive/2017/texmf-dist/tex/generic/oberdiek/infwarerr.sty
Package: infwarerr 2016/05/16 v1.4 Providing info/warning/error messages (HO)
)
(c:/texlive/2017/texmf-dist/tex/latex/oberdiek/grfext.sty
Package: grfext 2016/05/16 v1.2 Manage graphics extensions (HO)

(c:/texlive/2017/texmf-dist/tex/generic/oberdiek/kvdefinekeys.sty
Package: kvdefinekeys 2016/05/16 v1.4 Define keys (HO)

(c:/texlive/2017/texmf-dist/tex/generic/oberdiek/ltxcmds.sty
Package: ltxcmds 2016/05/16 v1.23 LaTeX kernel commands for general use (HO)
)))
(c:/texlive/2017/texmf-dist/tex/latex/oberdiek/kvoptions.sty
Package: kvoptions 2016/05/16 v3.12 Key value format for package options (HO)

(c:/texlive/2017/texmf-dist/tex/generic/oberdiek/kvsetkeys.sty
Package: kvsetkeys 2016/05/16 v1.17 Key value parser (HO)

(c:/texlive/2017/texmf-dist/tex/generic/oberdiek/etexcmds.sty
Package: etexcmds 2016/05/16 v1.6 Avoid name clashes with e-TeX commands (HO)

(c:/texlive/2017/texmf-dist/tex/generic/oberdiek/ifluatex.sty
Package: ifluatex 2016/05/16 v1.4 Provides the ifluatex switch (HO)
Package ifluatex Info: LuaTeX not detected.
)
Package etexcmds Info: Could not find \expanded.
(etexcmds)             That can mean that you are not using pdfTeX 1.50 or
(etexcmds)             that some package has redefined \expanded.
(etexcmds)             In the latter case, load this package earlier.
)))
(c:/texlive/2017/texmf-dist/tex/generic/oberdiek/pdftexcmds.sty
Package: pdftexcmds 2017/03/19 v0.25 Utility functions of pdfTeX for LuaTeX (HO
)
Package pdftexcmds Info: LuaTeX not detected.
Package pdftexcmds Info: \pdf@primitive is available.
Package pdftexcmds Info: \pdf@ifprimitive is available.
Package pdftexcmds Info: \pdfdraftmode found.
)
Package epstopdf-base Info: Redefining graphics rule for `.eps' on input line 4
38.
Package grfext Info: Graphics extension search list:
(grfext)             [.pdf,.png,.jpg,.mps,.jpeg,.jbig2,.jb2,.PDF,.PNG,.JPG,.JPE
G,.JBIG2,.JB2,.eps]
(grfext)             \AppendGraphicsExtensions on input line 456.

(c:/texlive/2017/texmf-dist/tex/latex/latexconfig/epstopdf-sys.cfg
File: epstopdf-sys.cfg 2010/07/13 v1.3 Configuration of (r)epstopdf for TeX Liv
e
))
Package caption Info: Begin \AtBeginDocument code.
Package caption Info: End \AtBeginDocument code.

*geometry* driver: auto-detecting
*geometry* detected driver: pdftex
*geometry* verbose mode - [ preamble ] result:
* driver: pdftex
* paper: <default>
* layout: <same size as paper>
* layoutoffset:(h,v)=(0.0pt,0.0pt)
* modes: 
* h-part:(L,W,R)=(72.26999pt, 469.75502pt, 72.26999pt)
* v-part:(T,H,B)=(72.26999pt, 650.43001pt, 72.26999pt)
* \paperwidth=614.295pt
* \paperheight=794.96999pt
* \textwidth=469.75502pt
* \textheight=650.43001pt
* \oddsidemargin=0.0pt
* \evensidemargin=0.0pt
* \topmargin=-37.0pt
* \headheight=12.0pt
* \headsep=25.0pt
* \topskip=12.0pt
* \footskip=30.0pt
* \marginparwidth=44.0pt
* \marginparsep=10.0pt
* \columnsep=10.0pt
* \skip\footins=10.8pt plus 4.0pt minus 2.0pt
* \hoffset=0.0pt
* \voffset=0.0pt
* \mag=1000
* \@twocolumnfalse
* \@twosidefalse
* \@mparswitchfalse
* \@reversemarginfalse
* (1in=72.27pt=25.4mm, 1cm=28.453pt)

<Figures/place_holder.png, id=1, 803.0pt x 525.965pt>
File: Figures/place_holder.png Graphic file (type png)
<use Figures/place_holder.png>
Package pdftex.def Info: Figures/place_holder.png  used on input line 23. on in
put line 23.
Package pdftex.def Info: Requested size: 234.8775pt x 153.84213pt on input line
 23.
[1

{c:/texlive/2017/texmf-var/fonts/map/pdftex/updmap/pdftex.map} <./Figures/place
_holder.png>] [1

] [2

] [3

] [4

] (./main.toc [5

] [6] [7])
\tf@toc=\write3
\openout3 = `main.toc'.

 [8]
Chapter 1.
(./Chapters/Gravitational_Wave_Interferometers.tex [9

]) [10] [11]
Chapter 2.
(./Chapters/ligo_laser_chapter.tex
LaTeX Font Info:    Try loading font information for OMS+cmr on input line 3.

(c:/texlive/2017/texmf-dist/tex/latex/base/omscmr.fd
File: omscmr.fd 2014/09/29 v2.5h Standard LaTeX font definitions
)
LaTeX Font Info:    Font shape `OMS/cmr/m/n' in size <12> not available
(Font)              Font shape `OMS/cmsy/m/n' tried instead on input line 3.
<figures/E1900168-v3_O4laser_TNT_TableLayout_AOM.pdf, id=46, pagebox=cropbox, 1
3876.34187pt x 4264.43187pt>
File: figures/E1900168-v3_O4laser_TNT_TableLayout_AOM.pdf Graphic file (type pd
f)
<use figures/E1900168-v3_O4laser_TNT_TableLayout_AOM.pdf>
Package pdftex.def Info: figures/E1900168-v3_O4laser_TNT_TableLayout_AOM.pdf  u
sed on input line 28. on input line 28.
Package pdftex.def Info: Requested size: 469.75502pt x 144.32504pt on input lin
e 28.
 [12

]
Package epstopdf Info: Source file: <figures/PMC_open_loop_transfer_function.ep
s>
(epstopdf)                    date: 2020-01-06 16:45:24
(epstopdf)                    size: 44584 bytes
(epstopdf)             Output file: <figures/PMC_open_loop_transfer_function-ep
s-converted-to.pdf>
(epstopdf)                    date: 2020-01-06 16:46:42
(epstopdf)                    size: 13993 bytes
(epstopdf)             Command: <repstopdf --outfile=figures/PMC_open_loop_tran
sfer_function-eps-converted-to.pdf figures/PMC_open_loop_transfer_function.eps>

(epstopdf)             \includegraphics on input line 37.
Package epstopdf Info: Output file is already uptodate.
<figures/PMC_open_loop_transfer_function-eps-converted-to.pdf, id=52, pagebox=c
ropbox, 484.81125pt x 395.4775pt>
File: figures/PMC_open_loop_transfer_function-eps-converted-to.pdf Graphic file
 (type pdf)
<use figures/PMC_open_loop_transfer_function-eps-converted-to.pdf>
Package pdftex.def Info: figures/PMC_open_loop_transfer_function-eps-converted-
to.pdf  used on input line 37. on input line 37.
Package pdftex.def Info: Requested size: 328.82707pt x 268.25131pt on input lin
e 37.
<figures/mode_scan_comparisons.png, id=53, 1170.62344pt x 883.04906pt>
File: figures/mode_scan_comparisons.png Graphic file (type png)
<use figures/mode_scan_comparisons.png>
Package pdftex.def Info: figures/mode_scan_comparisons.png  used on input line 
45. on input line 45.
Package pdftex.def Info: Requested size: 328.82707pt x 248.04703pt on input lin
e 45.
 [13 <./figures/E1900168-v3_O4laser_TNT_TableLayout_AOM.pdf>] [14 <./figures/PM
C_open_loop_transfer_function-eps-converted-to.pdf> <./figures/mode_scan_compar
isons.png (PNG copy)>]
Chapter 3.
Package epstopdf Info: Source file: <figures/AOM_stabilisation_noise.eps>
(epstopdf)                    date: 2019-12-06 02:09:33
(epstopdf)                    size: 355827 bytes
(epstopdf)             Output file: <figures/AOM_stabilisation_noise-eps-conver
ted-to.pdf>
(epstopdf)                    date: 2020-01-06 15:25:37
(epstopdf)                    size: 129636 bytes
(epstopdf)             Command: <repstopdf --outfile=figures/AOM_stabilisation_
noise-eps-converted-to.pdf figures/AOM_stabilisation_noise.eps>
(epstopdf)             \includegraphics on input line 77.
Package epstopdf Info: Output file is already uptodate.
<figures/AOM_stabilisation_noise-eps-converted-to.pdf, id=75, pagebox=cropbox, 
580.1675pt x 596.2275pt>
File: figures/AOM_stabilisation_noise-eps-converted-to.pdf Graphic file (type p
df)
<use figures/AOM_stabilisation_noise-eps-converted-to.pdf>
Package pdftex.def Info: figures/AOM_stabilisation_noise-eps-converted-to.pdf  
used on input line 77. on input line 77.
Package pdftex.def Info: Requested size: 328.82707pt x 337.9336pt on input line
 77.
Package epstopdf Info: Source file: <figures/AOM_stabilisation_TF.eps>
(epstopdf)                    date: 2019-12-06 02:09:34
(epstopdf)                    size: 118249 bytes
(epstopdf)             Output file: <figures/AOM_stabilisation_TF-eps-converted
-to.pdf>
(epstopdf)                    date: 2020-01-06 15:25:40
(epstopdf)                    size: 33304 bytes
(epstopdf)             Command: <repstopdf --outfile=figures/AOM_stabilisation_
TF-eps-converted-to.pdf figures/AOM_stabilisation_TF.eps>
(epstopdf)             \includegraphics on input line 83.
Package epstopdf Info: Output file is already uptodate.
<figures/AOM_stabilisation_TF-eps-converted-to.pdf, id=76, pagebox=cropbox, 580
.1675pt x 596.2275pt>
File: figures/AOM_stabilisation_TF-eps-converted-to.pdf Graphic file (type pdf)

<use figures/AOM_stabilisation_TF-eps-converted-to.pdf>
Package pdftex.def Info: figures/AOM_stabilisation_TF-eps-converted-to.pdf  use
d on input line 83. on input line 83.
Package pdftex.def Info: Requested size: 328.82707pt x 337.9336pt on input line
 83.
[15

] [16 <./figures/AOM_stabilisation_noise-eps-converted-to.pdf>] [17 <./figures/
AOM_stabilisation_TF-eps-converted-to.pdf>]
Package epstopdf Info: Source file: <figures/current_shunt_tfs.eps>
(epstopdf)                    date: 2020-01-06 16:26:35
(epstopdf)                    size: 72969 bytes
(epstopdf)             Output file: <figures/current_shunt_tfs-eps-converted-to
.pdf>
(epstopdf)                    date: 2020-01-06 16:30:40
(epstopdf)                    size: 16623 bytes
(epstopdf)             Command: <repstopdf --outfile=figures/current_shunt_tfs-
eps-converted-to.pdf figures/current_shunt_tfs.eps>
(epstopdf)             \includegraphics on input line 96.
Package epstopdf Info: Output file is already uptodate.
<figures/current_shunt_tfs-eps-converted-to.pdf, id=96, pagebox=cropbox, 919.43
5pt x 664.4825pt>
File: figures/current_shunt_tfs-eps-converted-to.pdf Graphic file (type pdf)
<use figures/current_shunt_tfs-eps-converted-to.pdf>
Package pdftex.def Info: figures/current_shunt_tfs-eps-converted-to.pdf  used o
n input line 96. on input line 96.
Package pdftex.def Info: Requested size: 328.82707pt x 237.65208pt on input lin
e 96.
<figures/dc_power_all_pd.png, id=97, 554.07pt x 414.8298pt>
File: figures/dc_power_all_pd.png Graphic file (type png)
<use figures/dc_power_all_pd.png>
Package pdftex.def Info: figures/dc_power_all_pd.png  used on input line 102. o
n input line 102.
Package pdftex.def Info: Requested size: 328.82707pt x 246.19064pt on input lin
e 102.
) [18 <./figures/current_shunt_tfs-eps-converted-to.pdf>] [19 <./figures/dc_pow
er_all_pd.png (PNG copy)>]
Chapter 4.
(./Chapters/BHD_for_ligo.tex
Overfull \hbox (18.7527pt too wide) in paragraph at lines 5--5
[]\OT1/cmr/bx/n/17.28 Algorithm for cal-cu-lat-ing op-ti-mal 3 lens mode match-

 []

) [20

]
Chapter 5.
(./Chapters/table_top_bhd.tex [21

]
Overfull \hbox (354.60924pt too wide) in paragraph at lines 23--30
\OT1/cmtt/m/n/12 https : / / arran . physics . gla . ac . uk / wp / qnd-[]reado
ut / 2019 / 03 / 08 / changed-[]injection-[]signal-[]to-[]mz-[]hooked-[]up-[]mi
c-[]and-[]power-[]monitor-[]photodiode/$\OT1/cmr/m/n/12 . 
 []


Overfull \hbox (201.64531pt too wide) in paragraph at lines 23--30
\OT1/cmtt/m/n/12 https : / / arran . physics . gla . ac . uk / wp / qnd-[]reado
ut / 2019 / 02 / 26 / re-[]alignment-[]of-[]mach-[]zehnder-[]and-[]taking-[]tes
t-[]data/$ 
 []


Overfull \hbox (260.75577pt too wide) in paragraph at lines 23--30
\OT1/cmr/m/n/12 ND fil-ter note $\OT1/cmtt/m/n/12 https : / / arran . physics .
 gla . ac . uk / wp / qnd-[]readout / 2019 / 02 / 13 / mz-[]nd-[]filter-[]insta
ll-[]servo-[]and-[]sends-[]saturating/$ 
 []

) [22]
Chapter 6.
(./Chapters/in_vacuum_mz.tex) [23

] [24]
Chapter 7.
[25

]
Chapter 8.
(./paper/document.tex [26

]
Overfull \vbox (33.97003pt too high) has occurred while \output is active []


[27]
LaTeX Info: Redefining \usk on input line 37.

runtime option `thickspace' provided!
LaTeX Info: Redefining \@qsk on input line 37.
runtime option `thickqspace' provided!
LaTeX Info: Redefining \usk on input line 37.
runtime option `thickspace' provided!
LaTeX Info: Redefining \@qsk on input line 37.
runtime option `thickqspace' provided!
LaTeX Info: Redefining \usk on input line 37.
runtime option `thickspace' provided!
LaTeX Info: Redefining \@qsk on input line 37.
runtime option `thickqspace' provided!
[28]
LaTeX Info: Redefining \usk on input line 43.

runtime option `thickspace' provided!
LaTeX Info: Redefining \@qsk on input line 43.
runtime option `thickqspace' provided!
LaTeX Info: Redefining \usk on input line 43.
runtime option `thickspace' provided!
LaTeX Info: Redefining \@qsk on input line 43.
runtime option `thickqspace' provided!
LaTeX Info: Redefining \usk on input line 43.
runtime option `thickspace' provided!
LaTeX Info: Redefining \@qsk on input line 43.
runtime option `thickqspace' provided!
LaTeX Info: Redefining \usk on input line 43.
runtime option `thickspace' provided!
LaTeX Info: Redefining \@qsk on input line 43.
runtime option `thickqspace' provided!
LaTeX Info: Redefining \usk on input line 43.
runtime option `thickspace' provided!
LaTeX Info: Redefining \@qsk on input line 43.
runtime option `thickqspace' provided!
[29]
LaTeX Info: Redefining \usk on input line 47.

runtime option `thickspace' provided!
LaTeX Info: Redefining \@qsk on input line 47.
runtime option `thickqspace' provided!
LaTeX Info: Redefining \usk on input line 47.
runtime option `thickspace' provided!
LaTeX Info: Redefining \@qsk on input line 47.
runtime option `thickqspace' provided!
LaTeX Info: Redefining \usk on input line 47.
runtime option `thickspace' provided!
LaTeX Info: Redefining \@qsk on input line 47.
runtime option `thickqspace' provided!
LaTeX Info: Redefining \usk on input line 47.
runtime option `thickspace' provided!
LaTeX Info: Redefining \@qsk on input line 47.
runtime option `thickqspace' provided!
LaTeX Info: Redefining \usk on input line 47.
runtime option `thickspace' provided!
LaTeX Info: Redefining \@qsk on input line 47.
runtime option `thickqspace' provided!
[30]
LaTeX Info: Redefining \usk on input line 67.

runtime option `thickspace' provided!
LaTeX Info: Redefining \@qsk on input line 67.
runtime option `thickqspace' provided!
LaTeX Info: Redefining \usk on input line 69.
runtime option `thickspace' provided!
LaTeX Info: Redefining \@qsk on input line 69.
runtime option `thickqspace' provided!
[31]
LaTeX Info: Redefining \usk on input line 71.

runtime option `thickspace' provided!
LaTeX Info: Redefining \@qsk on input line 71.
runtime option `thickqspace' provided!
LaTeX Info: Redefining \usk on input line 73.
runtime option `thickspace' provided!
LaTeX Info: Redefining \@qsk on input line 73.
runtime option `thickqspace' provided!
LaTeX Info: Redefining \usk on input line 73.
runtime option `thickspace' provided!
LaTeX Info: Redefining \@qsk on input line 73.
runtime option `thickqspace' provided!
LaTeX Info: Redefining \usk on input line 75.
runtime option `thickspace' provided!
LaTeX Info: Redefining \@qsk on input line 75.
runtime option `thickqspace' provided!
[32]
LaTeX Info: Redefining \usk on input line 77.

runtime option `thickspace' provided!
LaTeX Info: Redefining \@qsk on input line 77.
runtime option `thickqspace' provided!
LaTeX Info: Redefining \usk on input line 77.
runtime option `thickspace' provided!
LaTeX Info: Redefining \@qsk on input line 77.
runtime option `thickqspace' provided!
LaTeX Info: Redefining \usk on input line 83.
runtime option `thickspace' provided!
LaTeX Info: Redefining \@qsk on input line 83.
runtime option `thickqspace' provided!
LaTeX Info: Redefining \usk on input line 84.
runtime option `thickspace' provided!
LaTeX Info: Redefining \@qsk on input line 84.
runtime option `thickqspace' provided!
LaTeX Info: Redefining \usk on input line 85.
runtime option `thickspace' provided!
LaTeX Info: Redefining \@qsk on input line 85.
runtime option `thickqspace' provided!
LaTeX Info: Redefining \usk on input line 86.
runtime option `thickspace' provided!
LaTeX Info: Redefining \@qsk on input line 86.
runtime option `thickqspace' provided!
LaTeX Info: Redefining \usk on input line 87.
runtime option `thickspace' provided!
LaTeX Info: Redefining \@qsk on input line 87.
runtime option `thickqspace' provided!
LaTeX Info: Redefining \usk on input line 88.
runtime option `thickspace' provided!
LaTeX Info: Redefining \@qsk on input line 88.
runtime option `thickqspace' provided!
<paper/Dark_noise_test_box_1.png, id=159, 204.95772pt x 94.24008pt>
File: paper/Dark_noise_test_box_1.png Graphic file (type png)
<use paper/Dark_noise_test_box_1.png>
Package pdftex.def Info: paper/Dark_noise_test_box_1.png  used on input line 99
. on input line 99.
Package pdftex.def Info: Requested size: 234.8775pt x 107.99847pt on input line
 99.
LaTeX Info: Redefining \usk on input line 108.
runtime option `thickspace' provided!
LaTeX Info: Redefining \@qsk on input line 108.
runtime option `thickqspace' provided!
LaTeX Info: Redefining \usk on input line 108.
runtime option `thickspace' provided!
LaTeX Info: Redefining \@qsk on input line 108.
runtime option `thickqspace' provided!
LaTeX Info: Redefining \usk on input line 108.
runtime option `thickspace' provided!
LaTeX Info: Redefining \@qsk on input line 108.
runtime option `thickqspace' provided!
LaTeX Info: Redefining \usk on input line 108.
runtime option `thickspace' provided!
LaTeX Info: Redefining \@qsk on input line 108.
runtime option `thickqspace' provided!
<paper/qe_tester.png, id=160, 346.75146pt x 118.5228pt>
File: paper/qe_tester.png Graphic file (type png)
<use paper/qe_tester.png>
Package pdftex.def Info: paper/qe_tester.png  used on input line 115. on input 
line 115.
Package pdftex.def Info: Requested size: 422.77664pt x 144.50896pt on input lin
e 115.
Package epstopdf Info: Source file: <paper/test_set_up.eps>
(epstopdf)                    date: 2019-08-01 14:26:48
(epstopdf)                    size: 131377 bytes
(epstopdf)             Output file: <paper/test_set_up-eps-converted-to.pdf>
(epstopdf)                    date: 2019-08-01 14:27:09
(epstopdf)                    size: 47126 bytes
(epstopdf)             Command: <repstopdf --outfile=paper/test_set_up-eps-conv
erted-to.pdf paper/test_set_up.eps>
(epstopdf)             \includegraphics on input line 121.
Package epstopdf Info: Output file is already uptodate.
<paper/test_set_up-eps-converted-to.pdf, id=161, pagebox=cropbox, 442.65375pt x
 208.78pt>
File: paper/test_set_up-eps-converted-to.pdf Graphic file (type pdf)
<use paper/test_set_up-eps-converted-to.pdf>
Package pdftex.def Info: paper/test_set_up-eps-converted-to.pdf  used on input 
line 121. on input line 121.
Package pdftex.def Info: Requested size: 328.82707pt x 155.10005pt on input lin
e 121.
[33]
Package epstopdf Info: Source file: <paper/fd10d_dark_noise_reverse_bias.eps>
(epstopdf)                    date: 2019-10-09 16:58:55
(epstopdf)                    size: 120298 bytes
(epstopdf)             Output file: <paper/fd10d_dark_noise_reverse_bias-eps-co
nverted-to.pdf>
(epstopdf)                    date: 2019-10-09 17:01:33
(epstopdf)                    size: 35452 bytes
(epstopdf)             Command: <repstopdf --outfile=paper/fd10d_dark_noise_rev
erse_bias-eps-converted-to.pdf paper/fd10d_dark_noise_reverse_bias.eps>
(epstopdf)             \includegraphics on input line 130.
Package epstopdf Info: Output file is already uptodate.
<paper/fd10d_dark_noise_reverse_bias-eps-converted-to.pdf, id=165, pagebox=crop
box, 376.40625pt x 298.11375pt>
File: paper/fd10d_dark_noise_reverse_bias-eps-converted-to.pdf Graphic file (ty
pe pdf)
<use paper/fd10d_dark_noise_reverse_bias-eps-converted-to.pdf>
Package pdftex.def Info: paper/fd10d_dark_noise_reverse_bias-eps-converted-to.p
df  used on input line 130. on input line 130.
Package pdftex.def Info: Requested size: 328.82707pt x 260.4486pt on input line
 130.
LaTeX Info: Redefining \usk on input line 131.

runtime option `thickspace' provided!
LaTeX Info: Redefining \@qsk on input line 131.
runtime option `thickqspace' provided!
LaTeX Info: Redefining \usk on input line 131.
runtime option `thickspace' provided!
LaTeX Info: Redefining \@qsk on input line 131.
runtime option `thickqspace' provided!

LaTeX Warning: `h' float specifier changed to `ht'.

Package epstopdf Info: Source file: <paper/cooling_fd10.eps>
(epstopdf)                    date: 2019-10-16 20:47:01
(epstopdf)                    size: 67756 bytes
(epstopdf)             Output file: <paper/cooling_fd10-eps-converted-to.pdf>
(epstopdf)                    date: 2019-10-16 20:47:57
(epstopdf)                    size: 17094 bytes
(epstopdf)             Command: <repstopdf --outfile=paper/cooling_fd10-eps-con
verted-to.pdf paper/cooling_fd10.eps>
(epstopdf)             \includegraphics on input line 136.
Package epstopdf Info: Output file is already uptodate.
<paper/cooling_fd10-eps-converted-to.pdf, id=166, pagebox=cropbox, 363.3575pt x
 306.14375pt>
File: paper/cooling_fd10-eps-converted-to.pdf Graphic file (type pdf)
<use paper/cooling_fd10-eps-converted-to.pdf>
Package pdftex.def Info: paper/cooling_fd10-eps-converted-to.pdf  used on input
 line 136. on input line 136.
Package pdftex.def Info: Requested size: 328.82707pt x 277.05902pt on input lin
e 136.
LaTeX Info: Redefining \usk on input line 137.
runtime option `thickspace' provided!
LaTeX Info: Redefining \@qsk on input line 137.
runtime option `thickqspace' provided!
LaTeX Info: Redefining \usk on input line 137.
runtime option `thickspace' provided!
LaTeX Info: Redefining \@qsk on input line 137.
runtime option `thickqspace' provided!
LaTeX Info: Redefining \usk on input line 140.
runtime option `thickspace' provided!
LaTeX Info: Redefining \@qsk on input line 140.
runtime option `thickqspace' provided!
Package epstopdf Info: Source file: <paper/DC_11mW_436um.eps>
(epstopdf)                    date: 2018-08-27 16:27:42
(epstopdf)                    size: 20239 bytes
(epstopdf)             Output file: <paper/DC_11mW_436um-eps-converted-to.pdf>
(epstopdf)                    date: 2018-09-25 11:32:45
(epstopdf)                    size: 7076 bytes
(epstopdf)             Command: <repstopdf --outfile=paper/DC_11mW_436um-eps-co
nverted-to.pdf paper/DC_11mW_436um.eps>
(epstopdf)             \includegraphics on input line 143.
Package epstopdf Info: Output file is already uptodate.
<paper/DC_11mW_436um-eps-converted-to.pdf, id=167, pagebox=cropbox, 366.36874pt
 x 294.09875pt>
File: paper/DC_11mW_436um-eps-converted-to.pdf Graphic file (type pdf)
<use paper/DC_11mW_436um-eps-converted-to.pdf>
Package pdftex.def Info: paper/DC_11mW_436um-eps-converted-to.pdf  used on inpu
t line 143. on input line 143.
Package pdftex.def Info: Requested size: 328.82707pt x 263.97739pt on input lin
e 143.
[34 <./paper/Dark_noise_test_box_1.png (PNG copy)>] [35 <./paper/qe_tester.png 
(PNG copy)> <./paper/test_set_up-eps-converted-to.pdf>]

LaTeX Warning: `h' float specifier changed to `ht'.

LaTeX Info: Redefining \usk on input line 148.
runtime option `thickspace' provided!
LaTeX Info: Redefining \@qsk on input line 148.
runtime option `thickqspace' provided!
<paper/dark_noise_test_box_2.png, id=285, 357.88104pt x 114.9093pt>
File: paper/dark_noise_test_box_2.png Graphic file (type png)
<use paper/dark_noise_test_box_2.png>
Package pdftex.def Info: paper/dark_noise_test_box_2.png  used on input line 15
1. on input line 151.
Package pdftex.def Info: Requested size: 328.82707pt x 105.58107pt on input lin
e 151.
LaTeX Info: Redefining \usk on input line 152.
runtime option `thickspace' provided!
LaTeX Info: Redefining \@qsk on input line 152.
runtime option `thickqspace' provided!
LaTeX Info: Redefining \usk on input line 152.
runtime option `thickspace' provided!
LaTeX Info: Redefining \@qsk on input line 152.
runtime option `thickqspace' provided!
[36 <./paper/fd10d_dark_noise_reverse_bias-eps-converted-to.pdf>] [37 <./paper/
cooling_fd10-eps-converted-to.pdf>]

LaTeX Warning: `h' float specifier changed to `ht'.

Package epstopdf Info: Source file: <paper/cross_check.eps>
(epstopdf)                    date: 2019-08-01 16:53:32
(epstopdf)                    size: 56509 bytes
(epstopdf)             Output file: <paper/cross_check-eps-converted-to.pdf>
(epstopdf)                    date: 2019-08-01 16:55:27
(epstopdf)                    size: 18753 bytes
(epstopdf)             Command: <repstopdf --outfile=paper/cross_check-eps-conv
erted-to.pdf paper/cross_check.eps>
(epstopdf)             \includegraphics on input line 160.
Package epstopdf Info: Output file is already uptodate.
<paper/cross_check-eps-converted-to.pdf, id=303, pagebox=cropbox, 372.39125pt x
 294.09875pt>
File: paper/cross_check-eps-converted-to.pdf Graphic file (type pdf)
<use paper/cross_check-eps-converted-to.pdf>
Package pdftex.def Info: paper/cross_check-eps-converted-to.pdf  used on input 
line 160. on input line 160.
Package pdftex.def Info: Requested size: 234.8775pt x 185.50307pt on input line
 160.
Package epstopdf Info: Source file: <paper/FD10D_dark_noise_1V_noise_sources.ep
s>
(epstopdf)                    date: 2019-08-01 16:56:02
(epstopdf)                    size: 110289 bytes
(epstopdf)             Output file: <paper/FD10D_dark_noise_1V_noise_sources-ep
s-converted-to.pdf>
(epstopdf)                    date: 2019-08-01 16:56:39
(epstopdf)                    size: 28653 bytes
(epstopdf)             Command: <repstopdf --outfile=paper/FD10D_dark_noise_1V_
noise_sources-eps-converted-to.pdf paper/FD10D_dark_noise_1V_noise_sources.eps>

(epstopdf)             \includegraphics on input line 166.
Package epstopdf Info: Output file is already uptodate.
<paper/FD10D_dark_noise_1V_noise_sources-eps-converted-to.pdf, id=304, pagebox=
cropbox, 372.39125pt x 294.09875pt>
File: paper/FD10D_dark_noise_1V_noise_sources-eps-converted-to.pdf Graphic file
 (type pdf)
<use paper/FD10D_dark_noise_1V_noise_sources-eps-converted-to.pdf>
Package pdftex.def Info: paper/FD10D_dark_noise_1V_noise_sources-eps-converted-
to.pdf  used on input line 166. on input line 166.
Package pdftex.def Info: Requested size: 234.8775pt x 185.50307pt on input line
 166.

LaTeX Warning: `h' float specifier changed to `ht'.

Package epstopdf Info: Source file: <paper/laser_components_noise.eps>
(epstopdf)                    date: 2019-10-09 17:14:30
(epstopdf)                    size: 238693 bytes
(epstopdf)             Output file: <paper/laser_components_noise-eps-converted
-to.pdf>
(epstopdf)                    date: 2019-10-09 17:15:23
(epstopdf)                    size: 68818 bytes
(epstopdf)             Command: <repstopdf --outfile=paper/laser_components_noi
se-eps-converted-to.pdf paper/laser_components_noise.eps>
(epstopdf)             \includegraphics on input line 177.
Package epstopdf Info: Output file is already uptodate.
<paper/laser_components_noise-eps-converted-to.pdf, id=305, pagebox=cropbox, 37
6.40625pt x 294.09875pt>
File: paper/laser_components_noise-eps-converted-to.pdf Graphic file (type pdf)

<use paper/laser_components_noise-eps-converted-to.pdf>
Package pdftex.def Info: paper/laser_components_noise-eps-converted-to.pdf  use
d on input line 177. on input line 177.
Package pdftex.def Info: Requested size: 328.82707pt x 256.94086pt on input lin
e 177.
Package epstopdf Info: Source file: <paper/ratio.eps>
(epstopdf)                    date: 2019-10-09 15:40:08
(epstopdf)                    size: 20790 bytes
(epstopdf)             Output file: <paper/ratio-eps-converted-to.pdf>
(epstopdf)                    date: 2019-10-09 15:40:49
(epstopdf)                    size: 8693 bytes
(epstopdf)             Command: <repstopdf --outfile=paper/ratio-eps-converted-
to.pdf paper/ratio.eps>
(epstopdf)             \includegraphics on input line 183.
Package epstopdf Info: Output file is already uptodate.
<paper/ratio-eps-converted-to.pdf, id=306, pagebox=cropbox, 361.35pt x 303.1325
pt>
File: paper/ratio-eps-converted-to.pdf Graphic file (type pdf)
<use paper/ratio-eps-converted-to.pdf>
Package pdftex.def Info: paper/ratio-eps-converted-to.pdf  used on input line 1
83. on input line 183.
Package pdftex.def Info: Requested size: 328.82707pt x 275.851pt on input line 
183.

LaTeX Warning: `h' float specifier changed to `ht'.


LaTeX Warning: `h' float specifier changed to `ht'.

[38 <./paper/DC_11mW_436um-eps-converted-to.pdf>]
Package epstopdf Info: Source file: <paper/forward_bias_IV.eps>
(epstopdf)                    date: 2019-06-07 12:53:26
(epstopdf)                    size: 30612 bytes
(epstopdf)             Output file: <paper/forward_bias_IV-eps-converted-to.pdf
>
(epstopdf)                    date: 2019-06-07 12:54:37
(epstopdf)                    size: 18441 bytes
(epstopdf)             Command: <repstopdf --outfile=paper/forward_bias_IV-eps-
converted-to.pdf paper/forward_bias_IV.eps>
(epstopdf)             \includegraphics on input line 197.
Package epstopdf Info: Output file is already uptodate.
<paper/forward_bias_IV-eps-converted-to.pdf, id=315, pagebox=cropbox, 361.35pt 
x 271.0125pt>
File: paper/forward_bias_IV-eps-converted-to.pdf Graphic file (type pdf)
<use paper/forward_bias_IV-eps-converted-to.pdf>
Package pdftex.def Info: paper/forward_bias_IV-eps-converted-to.pdf  used on in
put line 197. on input line 197.
Package pdftex.def Info: Requested size: 328.82707pt x 246.62175pt on input lin
e 197.
LaTeX Info: Redefining \usk on input line 201.

runtime option `thickspace' provided!
LaTeX Info: Redefining \@qsk on input line 201.
runtime option `thickqspace' provided!
LaTeX Info: Redefining \usk on input line 201.
runtime option `thickspace' provided!
LaTeX Info: Redefining \@qsk on input line 201.
runtime option `thickqspace' provided!
) [39 <./paper/dark_noise_test_box_2.png (PNG copy)>] [40 <./paper/cross_check-
eps-converted-to.pdf> <./paper/FD10D_dark_noise_1V_noise_sources-eps-converted-
to.pdf>] [41 <./paper/laser_components_noise-eps-converted-to.pdf>] [42 <./pape
r/ratio-eps-converted-to.pdf>] [43 <./paper/forward_bias_IV-eps-converted-to.pd
f>]
Chapter 9.
[44

]
Appendix A.
[45

]
Appendix B.
[46

]
Appendix C.
(./main.bbl [47

]
Underfull \hbox (badness 1281) in paragraph at lines 4--8
[]\OT1/cmr/m/n/12 The LIGO Sci-en-tific Col-lab-o-ra-tion and the Virgo Col-lab
-o-ra-tion.  Gwtc-1: A
 []

[48

] [49]) [50] (./main.aux) ) 
Here is how much of TeX's memory you used:
 4856 strings out of 492990
 71746 string characters out of 6136333
 140237 words of memory out of 5000000
 8287 multiletter control sequences out of 15000+600000
 13053 words of font info for 47 fonts, out of 8000000 for 9000
 1141 hyphenation exceptions out of 8191
 41i,10n,39p,2010b,449s stack positions out of 5000i,500n,10000p,200000b,80000s
<c:/texlive/2017/texmf-dist/fonts/type1/public/amsfo
nts/cm/cmbx12.pfb><c:/texlive/2017/texmf-dist/fonts/type1/public/amsfonts/cm/cm
mi12.pfb><c:/texlive/2017/texmf-dist/fonts/type1/public/amsfonts/cm/cmmi6.pfb><
c:/texlive/2017/texmf-dist/fonts/type1/public/amsfonts/cm/cmmi8.pfb><c:/texlive
/2017/texmf-dist/fonts/type1/public/amsfonts/cm/cmr10.pfb><c:/texlive/2017/texm
f-dist/fonts/type1/public/amsfonts/cm/cmr12.pfb><c:/texlive/2017/texmf-dist/fon
ts/type1/public/amsfonts/cm/cmr17.pfb><c:/texlive/2017/texmf-dist/fonts/type1/p
ublic/amsfonts/cm/cmr6.pfb><c:/texlive/2017/texmf-dist/fonts/type1/public/amsfo
nts/cm/cmr8.pfb><c:/texlive/2017/texmf-dist/fonts/type1/public/amsfonts/cm/cmsy
10.pfb><c:/texlive/2017/texmf-dist/fonts/type1/public/amsfonts/cm/cmsy8.pfb><c:
/texlive/2017/texmf-dist/fonts/type1/public/amsfonts/cm/cmti12.pfb><c:/texlive/
2017/texmf-dist/fonts/type1/public/amsfonts/cm/cmtt12.pfb><c:/texlive/2017/texm
f-dist/fonts/type1/public/amsfonts/euler/eurm10.pfb>
Output written on main.pdf (51 pages, 980679 bytes).
PDF statistics:
 460 PDF objects out of 1000 (max. 8388607)
 319 compressed objects within 4 object streams
 0 named destinations out of 1000 (max. 500000)
 101 words of extra memory for PDF output out of 10000 (max. 10000000)

