\BOOKMARK [0][-]{chapter.1}{Abstract}{}% 1
\BOOKMARK [0][-]{chapter.2}{High Power Laser Prototype for LIGO}{}% 2
\BOOKMARK [1][-]{section.2.1}{Introduction}{chapter.2}% 3
\BOOKMARK [1][-]{section.2.2}{Properties of the LIGO PSL}{chapter.2}% 4
\BOOKMARK [2][-]{subsection.2.2.1}{Intensity}{section.2.2}% 5
\BOOKMARK [2][-]{subsection.2.2.2}{Frequency}{section.2.2}% 6
\BOOKMARK [2][-]{subsection.2.2.3}{Beam Shape}{section.2.2}% 7
\BOOKMARK [2][-]{subsection.2.2.4}{Pointing}{section.2.2}% 8
\BOOKMARK [2][-]{subsection.2.2.5}{Polarisation}{section.2.2}% 9
\BOOKMARK [2][-]{subsection.2.2.6}{Other Aspects of the PSL}{section.2.2}% 10
\BOOKMARK [1][-]{section.2.3}{Set-up and Layout}{chapter.2}% 11
\BOOKMARK [2][-]{subsection.2.3.1}{NPRO}{section.2.3}% 12
\BOOKMARK [2][-]{subsection.2.3.2}{OEM solid-state Amplifier}{section.2.3}% 13
\BOOKMARK [1][-]{section.2.4}{Frequency Noise}{chapter.2}% 14
\BOOKMARK [1][-]{section.2.5}{Conclusion}{chapter.2}% 15
\BOOKMARK [0][-]{chapter.3}{Amplitude Stabilisation of High Power Laser Prototype for LIGO}{}% 16
\BOOKMARK [1][-]{section.3.1}{Introduction + Requirements}{chapter.3}% 17
\BOOKMARK [2][-]{subsection.3.1.1}{Intensity Noise}{section.3.1}% 18
\BOOKMARK [2][-]{subsection.3.1.2}{Coupling of Intensity Noise}{section.3.1}% 19
\BOOKMARK [2][-]{subsection.3.1.3}{Control band fluctations 0.1-10Hz}{section.3.1}% 20
\BOOKMARK [2][-]{subsection.3.1.4}{RF noise}{section.3.1}% 21
\BOOKMARK [2][-]{subsection.3.1.5}{Inner Loop}{section.3.1}% 22
\BOOKMARK [2][-]{subsection.3.1.6}{Outer Loop}{section.3.1}% 23
\BOOKMARK [1][-]{section.3.2}{Free Running Noise and Noise Hunting}{chapter.3}% 24
\BOOKMARK [1][-]{section.3.3}{AOM Stabilisation}{chapter.3}% 25
\BOOKMARK [1][-]{section.3.4}{Current Shunt Stabilisation}{chapter.3}% 26
\BOOKMARK [1][-]{section.3.5}{Comparison of Two stabilisation Schemes}{chapter.3}% 27
\BOOKMARK [1][-]{section.3.6}{Conclusion}{chapter.3}% 28
